#-----------------------------------------------------------
# Vivado v2020.2 (64-bit)
# SW Build 3064766 on Wed Nov 18 09:12:45 MST 2020
# IP Build 3064653 on Wed Nov 18 14:17:31 MST 2020
# Start of session at: Mon Jul 24 11:07:50 2023
# Process ID: 7892
# Current directory: C:/Users/Administrator/Desktop/21_eth_udp_loop
# Command line: vivado.exe -gui_launcher_event rodinguilauncherevent10196 C:\Users\Administrator\Desktop\21_eth_udp_loop\eth_udp_loop.xpr
# Log file: C:/Users/Administrator/Desktop/21_eth_udp_loop/vivado.log
# Journal file: C:/Users/Administrator/Desktop/21_eth_udp_loop\vivado.jou
#-----------------------------------------------------------
start_gui
open_project C:/Users/Administrator/Desktop/21_eth_udp_loop/eth_udp_loop.xpr
update_compile_order -fileset sources_1
report_ip_status -name ip_status 
upgrade_ip -srcset clk_wiz [get_ips  {clk_wiz sync_fifo_2048x32b}] -log ip_upgrade.log
export_ip_user_files -of_objects [get_ips {clk_wiz sync_fifo_2048x32b}] -no_script -sync -force -quiet
report_ip_status -name ip_status 
update_compile_order -fileset sources_1
reset_run synth_1
launch_runs impl_1 -jobs 20
wait_on_run impl_1
launch_runs impl_1 -to_step write_bitstream -jobs 20
wait_on_run impl_1
open_hw_manager
connect_hw_server -allow_non_jtag
open_hw_target
set_property PROGRAM.FILE {C:/Users/Administrator/Desktop/21_eth_udp_loop/eth_udp_loop.runs/impl_1/eth_udp_loop.bit} [get_hw_devices xc7z020_1]
current_hw_device [get_hw_devices xc7z020_1]
refresh_hw_device -update_hw_probes false [lindex [get_hw_devices xc7z020_1] 0]
set_property PROBES.FILE {} [get_hw_devices xc7z020_1]
set_property FULL_PROBES.FILE {} [get_hw_devices xc7z020_1]
set_property PROGRAM.FILE {C:/Users/Administrator/Desktop/21_eth_udp_loop/eth_udp_loop.runs/impl_1/eth_udp_loop.bit} [get_hw_devices xc7z020_1]
program_hw_devices [get_hw_devices xc7z020_1]
refresh_hw_device [lindex [get_hw_devices xc7z020_1] 0]
set_property PROBES.FILE {} [get_hw_devices xc7z020_1]
set_property FULL_PROBES.FILE {} [get_hw_devices xc7z020_1]
set_property PROGRAM.FILE {C:/Users/Administrator/Desktop/21_eth_udp_loop/eth_udp_loop.runs/impl_1/eth_udp_loop.bit} [get_hw_devices xc7z020_1]
program_hw_devices [get_hw_devices xc7z020_1]
refresh_hw_device [lindex [get_hw_devices xc7z020_1] 0]
